exports[`toMatchSnapshot works with its jest native approach 1`] = `<div />`;
